// Jest Snapshot v1, https://goo.gl/fbAQLP

exports[`AlbumDescriptionEntry 1`] = `
<div>
  <div
    style="margin: 5px; font-size: 11px;"
  >
    testowy item albumu
  </div>
</div>
`;
